nohup: ignoring input
🔗 Создание стабильного соединения с Mac M4...
🚀 Запуск туннеля...
📡 Подключение к olegroslavitskiy@195.158.67.204...
bind [127.0.0.1]:2222: Address already in use
channel_setup_fwd_listener_tcpip: cannot listen to port: 2222
Could not request local forwarding.
⚠️ Соединение прервано, переподключение через 5 секунд...
🚀 Запуск туннеля...
📡 Подключение к olegroslavitskiy@195.158.67.204...
./stable_connection.sh: line 14:  9879 Killed                  sshpass -p "$MAC_PASS" ssh -o StrictHostKeyChecking=no -o ServerAliveInterval=60 -o ServerAliveCountMax=3 -o TCPKeepAlive=yes -o ConnectTimeout=30 -N -L $LOCAL_PORT:localhost:22 $MAC_USER@$MAC_IP
⚠️ Соединение прервано, переподключение через 5 секунд...
🚀 Запуск туннеля...
📡 Подключение к olegroslavitskiy@195.158.67.204...
⚠️ Соединение прервано, переподключение через 5 секунд...
🚀 Запуск туннеля...
📡 Подключение к olegroslavitskiy@195.158.67.204...
Timeout, server 195.158.67.204 not responding.
⚠️ Соединение прервано, переподключение через 5 секунд...
🚀 Запуск туннеля...
📡 Подключение к olegroslavitskiy@195.158.67.204...
Timeout, server 195.158.67.204 not responding.
⚠️ Соединение прервано, переподключение через 5 секунд...
🚀 Запуск туннеля...
📡 Подключение к olegroslavitskiy@195.158.67.204...
